// Vitest Snapshot v1, https://vitest.dev/guide/snapshot.html

exports[`array > works for type and required 1`] = `
{
  "v": [
    {
      "field": "v",
      "fieldValue": "",
      "message": "v is not an array",
    },
  ],
}
`;
